// Jest Snapshot v1, https://goo.gl/fbAQLP

exports[`<Order /> renders and matches the snapshot 1`] = `
<div
  className="OrderStyles-sc-4oqalm-0 dAsxjp"
  data-test="order"
>
  <SideEffect(Head)>
    <Head />
  </SideEffect(Head)>
  <h1>
    Thanks for your Order!
  </h1>
  <p>
    <span>
      Order ID:
    </span>
    <span>
      ord123
    </span>
  </p>
  <p>
    <span>
      Charge:
    </span>
    <span>
      ch_123
    </span>
  </p>
  <p>
    <span>
      Date:
    </span>
    <span>
      June 7, 2019 9:17 PM
    </span>
  </p>
  <p>
    <span>
      Total:
    </span>
    <span>
      $400
    </span>
  </p>
  <p>
    <span>
      Item Count:
    </span>
    <span>
      2
    </span>
  </p>
  <div
    className="items"
  >
    <div
      className="order-item"
      key="3a430a73-c9e9-4bcc-b46a-41618965ffea"
    >
      <img
        alt="soluta non omnis consequatur enim quia autem"
        height="50"
        src="reprehenderit.jpg"
      />
      <div
        className="item-details"
      >
        <h2>
          soluta non omnis consequatur enim quia autem
        </h2>
        <p>
          Qty: 
          1
        </p>
        <p>
          Each: 
          $42.34
        </p>
        <p>
          Subtotal: 
          $42.34
        </p>
      </div>
    </div>
    <div
      className="order-item"
      key="2393e090-592f-4d03-b808-c9d81098deec"
    >
      <img
        alt="quia sed exercitationem omnis laborum exercitationem est"
        height="50"
        src="sint.jpg"
      />
      <div
        className="item-details"
      >
        <h2>
          quia sed exercitationem omnis laborum exercitationem est
        </h2>
        <p>
          Qty: 
          1
        </p>
        <p>
          Each: 
          $42.34
        </p>
        <p>
          Subtotal: 
          $42.34
        </p>
      </div>
    </div>
  </div>
</div>
`;
